// Vitest Snapshot v1, https://vitest.dev/guide/snapshot.html

exports[`Form 1`] = `
<body>
  <div>
    <div
      class="MuiPaper-root MuiPaper-elevation MuiPaper-rounded MuiPaper-elevation8 MuiCard-root css-1ret5sh-MuiPaper-root-MuiCard-root"
      style="--Paper-shadow: 0px 5px 5px -3px rgba(0,0,0,0.2),0px 8px 10px 1px rgba(0,0,0,0.14),0px 3px 14px 2px rgba(0,0,0,0.12);"
    >
      <div
        class="MuiCardHeader-root css-1v278ml-MuiCardHeader-root"
      >
        <div
          class="MuiCardHeader-content css-1jkp9bu-MuiCardHeader-content"
        >
          <span
            class="MuiTypography-root MuiTypography-h5 MuiCardHeader-title css-16xl4zq-MuiTypography-root"
          >
            Tue at 12:00 am
          </span>
        </div>
      </div>
      <div
        class="MuiCardContent-root css-fmh09u-MuiCardContent-root"
      >
        <p
          class="MuiTypography-root MuiTypography-body2 css-1wle3ir-MuiTypography-root"
        >
          description
        </p>
        <div
          class="MuiBox-root css-1x7a4h"
        >
          <svg
            aria-hidden="true"
            class="MuiSvgIcon-root MuiSvgIcon-fontSizeMedium css-1umw9bq-MuiSvgIcon-root"
            data-testid="ThermostatIcon"
            focusable="false"
            viewBox="0 0 24 24"
          >
            <path
              d="M15 13V5c0-1.66-1.34-3-3-3S9 3.34 9 5v8c-1.21.91-2 2.37-2 4 0 2.76 2.24 5 5 5s5-2.24 5-5c0-1.63-.79-3.09-2-4m-4-2V5c0-.55.45-1 1-1s1 .45 1 1v1h-1v1h1v2h-1v1h1v1z"
            />
          </svg>
          <div
            class="MuiStack-root css-nen11g-MuiStack-root"
          >
            <p
              class="MuiTypography-root MuiTypography-body2 css-7ctihp-MuiTypography-root"
            >
              Temp: 
              <span
                class="MuiTypography-root MuiTypography-body2 css-1wle3ir-MuiTypography-root"
              >
                100
                Â°F
              </span>
            </p>
          </div>
        </div>
        <div
          class="MuiBox-root css-1x7a4h"
        >
          <svg
            aria-hidden="true"
            class="MuiSvgIcon-root MuiSvgIcon-fontSizeMedium css-1umw9bq-MuiSvgIcon-root"
            data-testid="AirIcon"
            focusable="false"
            viewBox="0 0 24 24"
          >
            <path
              d="M14.5 17c0 1.65-1.35 3-3 3s-3-1.35-3-3h2c0 .55.45 1 1 1s1-.45 1-1-.45-1-1-1H2v-2h9.5c1.65 0 3 1.35 3 3M19 6.5C19 4.57 17.43 3 15.5 3S12 4.57 12 6.5h2c0-.83.67-1.5 1.5-1.5s1.5.67 1.5 1.5S16.33 8 15.5 8H2v2h13.5c1.93 0 3.5-1.57 3.5-3.5m-.5 4.5H2v2h16.5c.83 0 1.5.67 1.5 1.5s-.67 1.5-1.5 1.5v2c1.93 0 3.5-1.57 3.5-3.5S20.43 11 18.5 11"
            />
          </svg>
          <p
            class="MuiTypography-root MuiTypography-body1 css-rizt0-MuiTypography-root"
          >
            wind
          </p>
        </div>
      </div>
    </div>
  </div>
</body>
`;
