// Vitest Snapshot v1, https://vitest.dev/guide/snapshot.html

exports[`Form 1`] = `
<body>
  <div>
    <form
      class="MuiBox-root css-qzc17b"
    >
      <div
        aria-label="Search by zip code or city"
        class="MuiInputBase-root MuiOutlinedInput-root MuiInputBase-colorPrimary MuiInputBase-fullWidth Mui-focused MuiInputBase-adornedStart css-1rs2f26-MuiInputBase-root-MuiOutlinedInput-root"
      >
        <svg
          aria-hidden="true"
          class="MuiSvgIcon-root MuiSvgIcon-fontSizeMedium css-1umw9bq-MuiSvgIcon-root"
          data-testid="SearchIcon"
          focusable="false"
          viewBox="0 0 24 24"
        >
          <path
            d="M15.5 14h-.79l-.28-.27C15.41 12.59 16 11.11 16 9.5 16 5.91 13.09 3 9.5 3S3 5.91 3 9.5 5.91 16 9.5 16c1.61 0 3.09-.59 4.23-1.57l.27.28v.79l5 4.99L20.49 19zm-6 0C7.01 14 5 11.99 5 9.5S7.01 5 9.5 5 14 7.01 14 9.5 11.99 14 9.5 14"
          />
        </svg>
        <input
          class="MuiInputBase-input MuiOutlinedInput-input MuiInputBase-inputAdornedStart css-hyt7bp-MuiInputBase-input-MuiOutlinedInput-input"
          id="search"
          name="q"
          placeholder="Search by Zip Code or City"
          type="text"
          value=""
        />
        <fieldset
          aria-hidden="true"
          class="MuiOutlinedInput-notchedOutline css-12rqw02-MuiOutlinedInput-notchedOutline"
        >
          <legend
            class="css-w4cd9x"
          >
            <span
              class="notranslate"
            >
              â€‹
            </span>
          </legend>
        </fieldset>
      </div>
    </form>
  </div>
</body>
`;
